
> blog@1.0.3 tauri:build
> tauri build

        Info Looking up installed tauri packages to check mismatched versions...
     Running beforeBuildCommand `npm run build`

> blog@1.0.3 build
> vite build

[36mvite v7.3.1 [32mbuilding client environment for production...[36m[39m
transforming...
[32m✓[39m 130 modules transformed.
rendering chunks...
computing gzip size...
[2mdist/[22m[32mindex.html                   [39m[1m[2m  3.56 kB[22m[1m[22m[2m │ gzip:   1.34 kB[22m
[2mdist/[22m[32massets/blog-bg-XPsfhFj4.png  [39m[1m[2m478.61 kB[22m[1m[22m
[2mdist/[22m[35massets/index-AZk1sruf.css    [39m[1m[2m 54.92 kB[22m[1m[22m[2m │ gzip:  10.67 kB[22m
[2mdist/[22m[36massets/index-BnmpZtiF.js     [39m[1m[2m355.05 kB[22m[1m[22m[2m │ gzip: 113.17 kB[22m
[32m✓ built in 21.88s[39m
    Blocking waiting for file lock on package cache
    Blocking waiting for file lock on package cache
    Blocking waiting for file lock on package cache
    Blocking waiting for file lock on shared package cache
    Blocking waiting for file lock on artifact directory
